POST https://www.pointfree.co/subscribe
Accept: text/html
Content-Length: 49
Cookie: pf_session={"user_id":"0"}

pricing[billing]=monthly&pricing[lane]=individual