<UITableView; frame = (0 0; 320 568); clipsToBounds = YES; autoresize = W+H; gestureRecognizers = <NSArray>; layer = <CALayer>; contentOffset: {0, -20}; contentSize: {320, 440}; adjustedContentInset: {20, 0, 0, 0}>
   | <UITableViewCell; frame = (0 396; 320 44); text = '9'; autoresize = W; layer = <CALayer>>
   |    | <UITableViewCellContentView; frame = (0 0; 320 43.5); gestureRecognizers = <NSArray>; layer = <CALayer>>
   |    |    | <UITableViewLabel; frame = (16 0; 288 43.5); text = '9'; userInteractionEnabled = NO; layer = <_UILabelLayer>>
   |    | <_UITableViewCellSeparatorView; frame = (16 43.5; 304 0.5); layer = <CALayer>>
   | <UITableViewCell; frame = (0 352; 320 44); text = '8'; autoresize = W; layer = <CALayer>>
   |    | <UITableViewCellContentView; frame = (0 0; 320 43.5); gestureRecognizers = <NSArray>; layer = <CALayer>>
   |    |    | <UITableViewLabel; frame = (16 0; 288 43.5); text = '8'; userInteractionEnabled = NO; layer = <_UILabelLayer>>
   |    | <_UITableViewCellSeparatorView; frame = (16 43.5; 304 0.5); layer = <CALayer>>
   | <UITableViewCell; frame = (0 308; 320 44); text = '7'; autoresize = W; layer = <CALayer>>
   |    | <UITableViewCellContentView; frame = (0 0; 320 43.5); gestureRecognizers = <NSArray>; layer = <CALayer>>
   |    |    | <UITableViewLabel; frame = (16 0; 288 43.5); text = '7'; userInteractionEnabled = NO; layer = <_UILabelLayer>>
   |    | <_UITableViewCellSeparatorView; frame = (16 43.5; 304 0.5); layer = <CALayer>>
   | <UITableViewCell; frame = (0 264; 320 44); text = '6'; autoresize = W; layer = <CALayer>>
   |    | <UITableViewCellContentView; frame = (0 0; 320 43.5); gestureRecognizers = <NSArray>; layer = <CALayer>>
   |    |    | <UITableViewLabel; frame = (16 0; 288 43.5); text = '6'; userInteractionEnabled = NO; layer = <_UILabelLayer>>
   |    | <_UITableViewCellSeparatorView; frame = (16 43.5; 304 0.5); layer = <CALayer>>
   | <UITableViewCell; frame = (0 220; 320 44); text = '5'; autoresize = W; layer = <CALayer>>
   |    | <UITableViewCellContentView; frame = (0 0; 320 43.5); gestureRecognizers = <NSArray>; layer = <CALayer>>
   |    |    | <UITableViewLabel; frame = (16 0; 288 43.5); text = '5'; userInteractionEnabled = NO; layer = <_UILabelLayer>>
   |    | <_UITableViewCellSeparatorView; frame = (16 43.5; 304 0.5); layer = <CALayer>>
   | <UITableViewCell; frame = (0 176; 320 44); text = '4'; autoresize = W; layer = <CALayer>>
   |    | <UITableViewCellContentView; frame = (0 0; 320 43.5); gestureRecognizers = <NSArray>; layer = <CALayer>>
   |    |    | <UITableViewLabel; frame = (16 0; 288 43.5); text = '4'; userInteractionEnabled = NO; layer = <_UILabelLayer>>
   |    | <_UITableViewCellSeparatorView; frame = (16 43.5; 304 0.5); layer = <CALayer>>
   | <UITableViewCell; frame = (0 132; 320 44); text = '3'; autoresize = W; layer = <CALayer>>
   |    | <UITableViewCellContentView; frame = (0 0; 320 43.5); gestureRecognizers = <NSArray>; layer = <CALayer>>
   |    |    | <UITableViewLabel; frame = (16 0; 288 43.5); text = '3'; userInteractionEnabled = NO; layer = <_UILabelLayer>>
   |    | <_UITableViewCellSeparatorView; frame = (16 43.5; 304 0.5); layer = <CALayer>>
   | <UITableViewCell; frame = (0 88; 320 44); text = '2'; autoresize = W; layer = <CALayer>>
   |    | <UITableViewCellContentView; frame = (0 0; 320 43.5); gestureRecognizers = <NSArray>; layer = <CALayer>>
   |    |    | <UITableViewLabel; frame = (16 0; 288 43.5); text = '2'; userInteractionEnabled = NO; layer = <_UILabelLayer>>
   |    | <_UITableViewCellSeparatorView; frame = (16 43.5; 304 0.5); layer = <CALayer>>
   | <UITableViewCell; frame = (0 44; 320 44); text = '1'; autoresize = W; layer = <CALayer>>
   |    | <UITableViewCellContentView; frame = (0 0; 320 43.5); gestureRecognizers = <NSArray>; layer = <CALayer>>
   |    |    | <UITableViewLabel; frame = (16 0; 288 43.5); text = '1'; userInteractionEnabled = NO; layer = <_UILabelLayer>>
   |    | <_UITableViewCellSeparatorView; frame = (16 43.5; 304 0.5); layer = <CALayer>>
   | <UITableViewCell; frame = (0 0; 320 44); text = '0'; autoresize = W; layer = <CALayer>>
   |    | <UITableViewCellContentView; frame = (0 0; 320 43.5); gestureRecognizers = <NSArray>; layer = <CALayer>>
   |    |    | <UITableViewLabel; frame = (16 0; 288 43.5); text = '0'; userInteractionEnabled = NO; layer = <_UILabelLayer>>
   |    | <_UITableViewCellSeparatorView; frame = (16 43.5; 304 0.5); layer = <CALayer>>
   | <_UITableViewCellSeparatorView; frame = (16 483.5; 304 0.5); autoresize = W; layer = <CALayer>>
   | <_UITableViewCellSeparatorView; frame = (16 527.5; 304 0.5); autoresize = W; layer = <CALayer>>
   | <_UITableViewCellSeparatorView; frame = (16 571.5; 304 0.5); autoresize = W; layer = <CALayer>>
   | <_UITableViewCellSeparatorView; frame = (16 615.5; 304 0.5); autoresize = W; layer = <CALayer>>
   | <_UITableViewCellSeparatorView; frame = (16 659.5; 304 0.5); autoresize = W; layer = <CALayer>>
   | <_UITableViewCellSeparatorView; frame = (16 703.5; 304 0.5); autoresize = W; layer = <CALayer>>
   | <_UITableViewCellSeparatorView; frame = (16 747.5; 304 0.5); autoresize = W; layer = <CALayer>>
   | <_UITableViewCellSeparatorView; frame = (16 791.5; 304 0.5); autoresize = W; layer = <CALayer>>
   | <_UITableViewCellSeparatorView; frame = (16 835.5; 304 0.5); autoresize = W; layer = <CALayer>>
   | <_UITableViewCellSeparatorView; frame = (16 879.5; 304 0.5); autoresize = W; layer = <CALayer>>
   | <UIImageView; frame = (314.5 119.5; 2.5 422.5); alpha = 0; opaque = NO; autoresize = LM; userInteractionEnabled = NO; layer = <CALayer>>
   | <UIImageView; frame = (6 542.5; 308 2.5); alpha = 0; opaque = NO; autoresize = TM; userInteractionEnabled = NO; layer = <CALayer>>